// Jest Snapshot v1, https://goo.gl/fbAQLP

exports[`DeploymentFrequencyWidgetPresenter when chart data is undefined renders an error 1`] = `
<LoadingOrErrorPresenter
  error="Error"
  loading={false}
/>
`;

exports[`DeploymentFrequencyWidgetPresenter when chart data is undefined renders loading 1`] = `
<LoadingOrErrorPresenter
  error=""
  loading={true}
/>
`;

exports[`DeploymentFrequencyWidgetPresenter when there are chart data renders Doughnut 1`] = `
Array [
  <div
    className="builds-number"
  >
    <div
      className="total-builds"
    >
      3
    </div>
    <p>
      Total
    </p>
  </div>,
  <CardLegend
    colors={
      Array [
        "#0c3d8a",
        "#859ec4",
        "#D8DADA",
        "#487ebd",
        "#007898",
        "#7fbbcb",
        "#58737a",
        "#92aab1",
        "#eee7a5",
        "#f1e364",
        "#f8b100",
        "#dcaeb9",
        "#ad405a",
        "#d9d4b9",
        "#a19351",
        "#886b22",
        "#7d7a58",
        "#564e02",
        "#c1dfc4",
        "#7dab6e",
        "#008d3a",
        "#36542c",
        "#263428",
      ]
    }
    labels={
      Array [
        "Domain 1",
        "Domain 2",
      ]
    }
  />,
  <div
    className="canvas-container"
  >
    <Doughnut
      data={
        Object {
          "datasets": Array [
            Object {
              "backgroundColor": Array [
                "#859ec4",
              ],
              "data": Array [
                1,
                2,
              ],
            },
          ],
          "labels": Array [
            "Domain 1",
            "Domain 2",
          ],
        }
      }
      options={
        Object {
          "legend": Object {
            "display": false,
          },
          "responsive": true,
        }
      }
    />
  </div>,
]
`;
