// Jest Snapshot v1, https://goo.gl/fbAQLP

exports[`DomainRessourcesWidgetPresenter when chart data is undefined renders an error 1`] = `
<LoadingOrErrorPresenter
  error="Error"
  loading={false}
/>
`;

exports[`DomainRessourcesWidgetPresenter when chart data is undefined renders loading 1`] = `
<LoadingOrErrorPresenter
  error=""
  loading={true}
/>
`;

exports[`DomainRessourcesWidgetPresenter when there are chart data renders a Doughnut 1`] = `
<div
  className="domain-legend-container"
>
  <div
    className="legend-container"
  >
    <div
      aria-label={null}
      className="ant-typography"
      style={
        Object {
          "WebkitLineClamp": null,
        }
      }
    >
      <span
        className="row-rect"
        style={
          Object {
            "backgroundColor": "#0c3d8a",
          }
        }
      />
      Assortment & Space Management (22412.97 EUR)
    </div>
    <div
      aria-label={null}
      className="ant-typography"
      style={
        Object {
          "WebkitLineClamp": null,
        }
      }
    >
      <span
        className="row-rect"
        style={
          Object {
            "backgroundColor": "#859ec4",
          }
        }
      />
      B2B Experience (798.72 EUR)
    </div>
    <div
      aria-label={null}
      className="ant-typography"
      style={
        Object {
          "WebkitLineClamp": null,
        }
      }
    >
      <span
        className="row-rect"
        style={
          Object {
            "backgroundColor": "#D8DADA",
          }
        }
      />
      Checkout (Multichannel Experience) (48097.69 EUR)
    </div>
  </div>
  <div
    className="canvas-container"
  >
    <Doughnut
      data={
        Object {
          "datasets": Array [
            Object {
              "backgroundColor": Array [
                "rgb(34,151,151)",
                "rgb(229,168,25)",
                "rgb(196,2,44)",
                "rgb(118,55,244)",
                "rgb(110,114,123)",
                "rgb(93,30,219)",
                "rgb(191,130,143)",
                "rgb(107,44,233)",
                "rgb(164,168,177)",
                "rgb(57,-6,183)",
                "rgb(209,113,18)",
                "rgb(234,40,82)",
                "rgb(72,9,198)",
                "rgb(44,161,161)",
              ],
              "data": Array [
                4862.05,
                110.94,
                4.86,
                0.01,
                2.9,
                1.2,
                10255.37,
                2.24,
                27104.4,
                529.92,
                1.9,
              ],
            },
          ],
          "labels": Array [
            "Aggregated(4862.05)",
            "Cloud Build(110.94)",
            "Cloud DNS(4.86)",
            "Cloud Functions(0.01)",
            "Cloud Key Management Service (KMS)(2.9)",
            "Cloud Scheduler(1.2)",
            "Cloud SQL(10255.37)",
            "Cloud Storage(2.24)",
            "Compute Engine(27104.4)",
            "Stackdriver Logging(529.92)",
            "Stackdriver Monitoring(1.9)",
          ],
        }
      }
      options={
        Object {
          "legend": Object {
            "display": false,
          },
          "responsive": true,
        }
      }
    />
  </div>
</div>
`;

exports[`DomainRessourcesWidgetPresenter when there are no chart data doesnt render a Doughnut 1`] = `
<p>
  No data available, please select another time and/or domain/product.
</p>
`;
