// Jest Snapshot v1, https://goo.gl/fbAQLP

exports[`PageNotFoundPresenter renders correctly 1`] = `
<div
  className="dashboard-wrapper"
>
  Page not found
</div>
`;
