// Jest Snapshot v1, https://goo.gl/fbAQLP

exports[`BreadcrumbPresenter renders correctly 1`] = `
<div
  className="breadcrumb-padding breadcrumb-font"
>
  <div
    className="ant-breadcrumb"
  >
    <span>
      <span
        className="ant-breadcrumb-link"
      >
        Dashboard
      </span>
      <span
        className="ant-breadcrumb-separator"
      >
        /
      </span>
    </span>
    <span>
      <span
        className="ant-breadcrumb-link"
      >
        <a
          href="#/dashboard"
        >
          Billing
        </a>
      </span>
      <span
        className="ant-breadcrumb-separator"
      >
        /
      </span>
    </span>
    <span>
      <span
        className="ant-breadcrumb-link"
      >
        Billing Item
      </span>
      <span
        className="ant-breadcrumb-separator"
      >
        /
      </span>
    </span>
  </div>
</div>
`;
