// Jest Snapshot v1, https://goo.gl/fbAQLP

exports[`CreateTeamPresenter renders a card with the team needed fields 1`] = `
<div
  className="card"
  style={
    Object {
      "flex": "1 1 100%",
    }
  }
>
  <div
    className="card-title-wrapper"
  >
    <div
      className="card-title"
    >
      Update Team
    </div>
  </div>
  <div
    className="card-content-data"
  >
    <div
      className="card-content-wrapper"
    >
      <div
        className="ant-row"
      >
        <div
          className="ant-col ant-col-18 ant-col-offset-6"
        >
          <div
            className="col-12 col-offset-6"
          >
            <form
              className="ant-form ant-form-vertical team-form"
              onSubmit={[MockFunction]}
            >
              <div
                className="ant-row ant-form-item"
              >
                <div
                  className="ant-col ant-col-14 ant-form-item-label"
                >
                  <label
                    className=""
                    htmlFor={null}
                    onClick={[Function]}
                    title="Product owner"
                  >
                    Product owner
                  </label>
                </div>
                <div
                  className="ant-col ant-col-14 ant-form-item-control-wrapper"
                >
                  <div
                    className="ant-form-item-control"
                  >
                    <span
                      className="ant-form-item-children"
                    />
                  </div>
                </div>
              </div>
              <div
                className="ant-row ant-form-item"
              >
                <div
                  className="ant-col ant-col-14 ant-form-item-label"
                >
                  <label
                    className=""
                    htmlFor={null}
                    onClick={[Function]}
                    title="Team Members"
                  >
                    Team Members
                  </label>
                </div>
                <div
                  className="ant-col ant-col-14 ant-form-item-control-wrapper"
                >
                  <div
                    className="ant-form-item-control"
                  >
                    <span
                      className="ant-form-item-children"
                    />
                  </div>
                </div>
              </div>
              <div
                className="ant-row ant-form-item form-buttons-wrapper"
              >
                <div
                  className="ant-col ant-col-14 ant-form-item-control-wrapper"
                >
                  <div
                    className="ant-form-item-control"
                  >
                    <span
                      className="ant-form-item-children"
                    >
                      <button
                        className="ant-btn margin-right-10 ant-btn-default"
                        onClick={[Function]}
                        type="button"
                      >
                        <span>
                          Cancel
                        </span>
                      </button>
                      <button
                        className="ant-btn submit-button ant-btn-default"
                        onClick={[Function]}
                        type="submit"
                      >
                        <i
                          aria-label="icon: user"
                          className="anticon anticon-user"
                        >
                          <svg
                            aria-hidden="true"
                            className=""
                            data-icon="user"
                            fill="currentColor"
                            focusable="false"
                            height="1em"
                            viewBox="64 64 896 896"
                            width="1em"
                          >
                            <path
                              d="M858.5 763.6a374 374 0 0 0-80.6-119.5 375.63 375.63 0 0 0-119.5-80.6c-.4-.2-.8-.3-1.2-.5C719.5 518 760 444.7 760 362c0-137-111-248-248-248S264 225 264 362c0 82.7 40.5 156 102.8 201.1-.4.2-.8.3-1.2.5-44.8 18.9-85 46-119.5 80.6a375.63 375.63 0 0 0-80.6 119.5A371.7 371.7 0 0 0 136 901.8a8 8 0 0 0 8 8.2h60c4.4 0 7.9-3.5 8-7.8 2-77.2 33-149.5 87.8-204.3 56.7-56.7 132-87.9 212.2-87.9s155.5 31.2 212.2 87.9C779 752.7 810 825 812 902.2c.1 4.4 3.6 7.8 8 7.8h60a8 8 0 0 0 8-8.2c-1-47.8-10.9-94.3-29.5-138.2zM512 534c-45.9 0-89.1-17.9-121.6-50.4S340 407.9 340 362c0-45.9 17.9-89.1 50.4-121.6S466.1 190 512 190s89.1 17.9 121.6 50.4S684 316.1 684 362c0 45.9-17.9 89.1-50.4 121.6S557.9 534 512 534z"
                            />
                          </svg>
                        </i>
                        <span>
                          Update team
                        </span>
                      </button>
                    </span>
                  </div>
                </div>
              </div>
            </form>
          </div>
        </div>
      </div>
    </div>
  </div>
</div>
`;
