// Jest Snapshot v1, https://goo.gl/fbAQLP

exports[`Render header renders correctly 1`] = `
<header
  className="ant-layout-header"
>
  <div
    className="header-menu"
  >
    <Icon
      className="grid-icon"
      type="grid"
    />
    <UserMenu />
  </div>
</header>
`;
